# INFO:__main__: Using local copy of MWAtools.pb: /home/msok/MWA_Tools_git/mwapy/pb
# WARNING:mwa_tile: Nearest tabulated impedance matrix freq is more than 2 MHz away from desired freq.
-------------------------------------------
PARAMETERS:
-------------------------------------------
Freq    = 205000000.00 [Hz]
(az,za) = (45.00,19.60) [deg]
Outfile = ratio_vs_dec_205.00MHz.out
-------------------------------------------
Az = 45.00 [deg], za = 19.60 [deg], gridpoint = 21
[[ 6  8 10 12  4  6  8 10  2  4  6  8  0  2  4  6]
 [ 6  8 10 12  4  6  8 10  2  4  6  8  0  2  4  6]]
-----------
Jones FullEE:
----------------------
[[[[-0.52655174+0.35750762j -0.56040103+0.32413705j]
   [-0.52542945+0.35860182j  0.55918997-0.32532409j]]]]
----------------------
[[-0.52655174+0.35750762j -0.56040103+0.32413705j]
 [-0.52542945+0.35860182j  0.55918997-0.32532409j]]
----------------------
Beams power = 0.8242 / 0.8232
size(delays) = 32
----------------------
Jones AEE:
----------------------
[[[[-0.6053805 +0.12178225j -0.59096354+0.12984201j]
   [-0.6049377 +0.12214904j  0.59051883-0.13017513j]]]]
----------------------
[[-0.6053805 +0.12178225j -0.59096354+0.12984201j]
 [-0.6049377 +0.12214904j  0.59051883-0.13017513j]]
----------------------
----------------------  COMPARISON OF JONES MATRICES FEE vs. AEE ----------------------
Jones FullEE:
----------------------
[[-0.52655174+0.35750762j -0.56040103+0.32413705j]
 [-0.52542945+0.35860182j  0.55918997-0.32532409j]]
----------------------

Jones AEE:
----------------------
[[-0.6053805 +0.12178225j -0.59096354+0.12984201j]
 [-0.6049377 +0.12214904j  0.59051883-0.13017513j]]
----------------------

----------------------
Jones Analytic:
----------------------
[[-0.63072366+0.1411915j  -0.66951719+0.14987568j]
 [-0.63072366+0.1411915j   0.66951719-0.14987568j]]
----------------------
