# WARNING:beam_full_EE: Code version date: 2017-07-20 (Sigma_P sign flipped standalone version)
# WARNING:beam_full_EE: Assuming set of 16 antenna delays apply to both X and Y dipoles
/opt/caastro/ext/anaconda/lib/python2.7/site-packages/matplotlib/cbook/deprecation.py:107: MatplotlibDeprecationWarning: Adding an axes using the same arguments as a previous axes currently reuses the earlier instance.  In a future version, a new instance will always be created and returned.  Meanwhile, this warning can be suppressed, and the future behavior ensured, by passing a unique label to each axes instance.
  warnings.warn(message, mplDeprecation, stacklevel=1)
# WARNING:beam_full_EE: Code version date: 2017-07-20 (Sigma_P sign flipped standalone version)
# WARNING:beam_full_EE: Assuming set of 16 antenna delays apply to both X and Y dipoles
########################################
PARAMETERS :
########################################
gridpoint  = -1
T_rcv type = trcv_from_skymodel_with_err
########################################
Using of MWA database is not required
Pointing information for obsid=0
gridpoint = -1
delays    = [18, 13, 8, 3, 17, 12, 7, 2, 16, 11, 6, 1, 15, 10, 5, 0]
Pointing direction to source = (az,za) = (0.00000000,0.00000000) [deg]
T_rcv     = 0.00 K
frequency=216320000.00 -> delays=[18, 13, 8, 3, 17, 12, 7, 2, 16, 11, 6, 1, 15, 10, 5, 0]
T_rcv calculated from trcv_from_skymodel_with_err = 80.00 K
Output beam file resolution = 1000 , output directory = None
----------------------------------------------------------------
Normalisation Jones matrix :
----------------------------------------------------------------
   (1.2360218006687465+0j)     |     (1.2360218006687465+0j) 
   (1.235681676087658+0j)     |     (1.235681676087658+0j) 
----------------------------------------------------------------
grid2eq (1000, 1000)
-89.93776555328775 63.21593153237752
0.0036241466853410577 359.9980785990432
-89.93776555328775 63.21593153237752
-179.9999623413527 179.99960704411507
VALUE : 216320000.00000000 0.02738003 0.02735550
frequency=216320000.00 , polarisation=XX
sum(beam) 11827.92221359807
sum(beamsky) 3385451.2832758264
Tant=sum(beamsky)/sum(beam)= 286.2253591238293
Filename2 = 0_216.32MHz_XX_full_EE_beam
Saved output image to file 0_216.32MHz_XX_full_EE_beam.fits
Filename2 = 0_216.32MHz_XX_full_EE_sky
Saved output image to file 0_216.32MHz_XX_full_EE_sky.fits
Filename2 = 0_216.32MHz_XX_full_EE
Saved output image to file 0_216.32MHz_XX_full_EE.fits
Filename2 = 0_216.32MHz_XX_full_EE_scaled
Saved output image to file 0_216.32MHz_XX_full_EE_scaled.fits
frequency=216320000.00 , polarisation=YY
sum(beam) 9434.55338228682
sum(beamsky) 3125324.301521925
Tant=sum(beamsky)/sum(beam)= 331.263619472402
Filename2 = 0_216.32MHz_YY_full_EE_beam
Saved output image to file 0_216.32MHz_YY_full_EE_beam.fits
Filename2 = 0_216.32MHz_YY_full_EE_sky
Saved output image to file 0_216.32MHz_YY_full_EE_sky.fits
Filename2 = 0_216.32MHz_YY_full_EE
Saved output image to file 0_216.32MHz_YY_full_EE.fits
Filename2 = 0_216.32MHz_YY_full_EE_scaled
Saved output image to file 0_216.32MHz_YY_full_EE_scaled.fits
----------------------------------------------------------------
Normalisation Jones matrix :
----------------------------------------------------------------
   (1.2360218006687465+0j)     |     (1.2360218006687465+0j) 
   (1.235681676087658+0j)     |     (1.235681676087658+0j) 
----------------------------------------------------------------
216320000.00 Hz :
		XX (216.32 MHz) : T_ant_XX = 286.23  = (3385451.28327583 / 11827.92221360) , beam(0.0000,0.0000)=0.00554304 , gain=0.73460720 , aeff=0.11243314, sensitivity (A/T) = 0.00030700533024119106 -> SEFD_XX = 8990071.92 Jy -> noise_XX = 5.6893 Jy
		YY (216.32 MHz) : T_ant_YY = 331.26  = (3125324.30152192 / 9434.55338229) , beam(0.0000,0.0000)=0.00369498 , gain=0.61391136 , aeff=0.09396039, sensitivity (A/T) = 0.00022846754936373294 -> SEFD_YY = 12080490.24 Jy -> noise_YY = 7.6451 Jy
Noise expected on XX images = 5.6893 Jy
Noise expected on YY images = 7.6451 Jy
